exports[`Testing AccountRow Component for UI Content Expect to AccountRow Component for snapshot 1`] = `
<View
  style={undefined}>
  <View
    style={undefined}>
    <View
      style={
        Object {
          "alignItems": "center",
          "flex": 1,
          "justifyContent": "center"
        }
      }>
      <Image
        source={1}
        style={undefined} />
    </View>
    <View
      style={
        Object {
          "flex": 5
        }
      }>
      <Text
        accessible={true}
        allowFontScaling={true}
        ellipsizeMode="tail"
        style={undefined}>
        hahn
      </Text>
      <View
        style={undefined}>
        <Text
          accessible={true}
          allowFontScaling={true}
          ellipsizeMode="tail"
          style={undefined}>
          ADDRESS
        </Text>
        <Text
          accessible={true}
          allowFontScaling={true}
          ellipsizeMode="tail"
          style={undefined}>
          ACCOUNT #
        </Text>
      </View>
      <View
        style={undefined}>
        <Text
          accessible={true}
          allowFontScaling={true}
          ellipsizeMode="tail"
          style={undefined}>
          Floring Road
          california California 95720
        </Text>
        <Text
          accessible={true}
          allowFontScaling={true}
          ellipsizeMode="tail"
          style={undefined}>
          1234567890123
        </Text>
      </View>
    </View>
    <View
      style={undefined}>
      <Image
        source={1} />
    </View>
  </View>
</View>
`;
